<html>
<body>
<pre>
<h1>礦ision Build Log</h1>
<h2>Tool Versions:</h2>
IDE-Version: μVision V5.28.0.0
Copyright (C) 2019 ARM Ltd and ARM Germany GmbH. All rights reserved.
License Information: 鲁 亮, 重庆理工大学, LIC=FQQCX-HBJ8R-WIJ5K-Z7FA3-7CGLL-SEJCL
 
Tool Versions:
Toolchain:       MDK-ARM Professional  Version: 5.28.0.0
Toolchain Path:  C:\Work\Keil_v5\ARM\ARMCC\Bin
C Compiler:      Armcc.exe V5.06 update 6 (build 750)
Assembler:       Armasm.exe V5.06 update 6 (build 750)
Linker/Locator:  ArmLink.exe V5.06 update 6 (build 750)
Library Manager: ArmAr.exe V5.06 update 6 (build 750)
Hex Converter:   FromElf.exe V5.06 update 6 (build 750)
CPU DLL:         SARMCM3.DLL V5.28.0.0
Dialog DLL:      DCM.DLL V1.17.3.0
Target DLL:      Segger\JL2CM3.dll V2.99.36.0
Dialog DLL:      TCM.DLL V1.36.2.0
 
<h2>Project:</h2>
E:\Smart_Home\software\Smart_Light\project.uvprojx
Project File Date:  09/20/2019

<h2>Output:</h2>
*** Using Compiler 'V5.06 update 6 (build 750)', folder: 'C:\Work\Keil_v5\ARM\ARMCC\Bin'
Build target 'rtthread'
compiling clock.c...
compiling components.c...
compiling cpu.c...
compiling device.c...
compiling idle.c...
compiling ipc.c...
compiling irq.c...
compiling kservice.c...
compiling mem.c...
compiling mempool.c...
compiling object.c...
compiling scheduler.c...
compiling signal.c...
compiling thread.c...
compiling timer.c...
compiling main.c...
applications\main.c(30): warning:  #223-D: function "printf" declared implicitly
  				printf("132465\r\n");
applications\main.c: 1 warning, 0 errors
compiling stm32f4xx_hal_msp.c...
compiling board.c...
assembling startup_stm32f407xx.s...
compiling drv_usart.c...
compiling drv_common.c...
compiling drv_gpio.c...
compiling at_device.c...
compiling at_device_esp8266.c...
compiling at_socket_esp8266.c...
compiling at_sample_esp8266.c...
compiling button.c...
compiling div0.c...
compiling backtrace.c...
assembling context_rvds.S...
compiling showmem.c...
compiling pin.c...
compiling cpuport.c...
compiling serial.c...
compiling completion.c...
compiling dataqueue.c...
compiling pipe.c...
compiling ringblk_buf.c...
compiling ringbuffer.c...
compiling waitqueue.c...
compiling workqueue.c...
compiling shell.c...
compiling symbol.c...
compiling cmd.c...
compiling msh.c...
compiling msh_cmd.c...
compiling msh_file.c...
compiling libc.c...
compiling mem_std.c...
compiling stubs.c...
rt-thread\components\libc\compilers\armlibc\stubs.c(268): warning:  #177-D: variable "stat"  was declared but never referenced
      struct stat stat;
rt-thread\components\libc\compilers\armlibc\stubs.c: 1 warning, 0 errors
compiling time.c...
rt-thread\components\libc\compilers\common\time.c(36): warning:  #177-D: variable "timezone"  was declared but never referenced
  static long int timezone;
rt-thread\components\libc\compilers\common\time.c: 1 warning, 0 errors
compiling at_utils.c...
compiling at_cli.c...
compiling at_client.c...
compiling at_socket.c...
compiling netdev.c...
compiling netdev_ipaddr.c...
compiling sal_socket.c...
compiling net_netdb.c...
compiling af_inet_at.c...
compiling system_stm32f4xx.c...
compiling stm32f4xx_hal.c...
compiling stm32f4xx_hal_cec.c...
compiling stm32f4xx_hal_cortex.c...
compiling stm32f4xx_hal_crc.c...
compiling stm32f4xx_hal_cryp.c...
compiling stm32f4xx_hal_cryp_ex.c...
compiling stm32f4xx_hal_dma.c...
compiling stm32f4xx_hal_dma_ex.c...
compiling stm32f4xx_hal_pwr.c...
compiling stm32f4xx_hal_pwr_ex.c...
compiling stm32f4xx_hal_rcc.c...
compiling stm32f4xx_hal_rcc_ex.c...
compiling stm32f4xx_hal_rng.c...
compiling stm32f4xx_hal_gpio.c...
compiling stm32f4xx_hal_usart.c...
compiling stm32f4xx_hal_uart.c...
linking...
Program Size: Code=90610 RO-data=12482 RW-data=728 ZI-data=3832  
After Build - User command #1: fromelf --bin .\build\keil\Obj\rtthread.axf --output rtthread.bin
".\build\keil\Obj\rtthread.axf" - 0 Error(s), 3 Warning(s).

<h2>Software Packages used:</h2>

Package Vendor: Keil
                http://www.keil.com/pack/Keil.STM32F4xx_DFP.2.13.0.pack
                Keil.STM32F4xx_DFP.2.13.0
                STMicroelectronics STM32F4 Series Device Support, Drivers and Examples

<h2>Collection of Component include folders:</h2>
  .\RTE\_rtthread
  C:\Work\Keil_v5\ARM\PACK\Keil\STM32F4xx_DFP\2.13.0\Drivers\CMSIS\Device\ST\STM32F4xx\Include

<h2>Collection of Component Files used:</h2>
Build Time Elapsed:  00:08:57
</pre>
</body>
</html>
